Hello! This is a test line.
Hello! This is a test line.
